[codingeek.net/html/gazania/index.html]
[backblue.gif]
[fade.gif]
[index.html]
[codingeek.net/html/gazania/assets/img/favicon.png]
[codingeek.net/html/gazania/assets/css/css-plugins.css]
[codingeek.net/html/gazania/assets/css/all-icon-font.css]
[codingeek.net/html/gazania/assets/css/style.css]
[codingeek.net/html/gazania/assets/css/responsive.css]
[codingeek.net/codingeek-js/codingeek.css]
[codingeek.net/html/gazania/assets/img/others/modal-1.png]
[codingeek.net/html/gazania/assets/img/others/modal-2.png]
[codingeek.net/html/gazania/assets/img/others/modal-3.png]
[codingeek.net/html/gazania/assets/img/icon/title.svg]
[codingeek.net/html/gazania/assets/img/others/modal-4.png]
[codingeek.net/html/gazania/index-2.html]
[codingeek.net/html/gazania/assets/img/logo.png]
[codingeek.net/html/gazania/index-3.html]
[codingeek.net/html/gazania/index-4.html]
[codingeek.net/html/gazania/index-5.html]
[codingeek.net/html/gazania/index-6.html]
[codingeek.net/html/gazania/about.html]
[codingeek.net/html/gazania/shop.html]
[codingeek.net/html/gazania/shop-3-column.html]
[codingeek.net/html/gazania/shop-left-sidebar.html]
[codingeek.net/html/gazania/product-details.html]
[codingeek.net/html/gazania/blog.html]
[codingeek.net/html/gazania/blog-details.html]
[codingeek.net/html/gazania/gallery.html]
[codingeek.net/html/gazania/price.html]
[codingeek.net/html/gazania/faq.html]
[codingeek.net/html/gazania/cart.html]
[codingeek.net/html/gazania/my-account.html]
[codingeek.net/html/gazania/contact.html]
[codingeek.net/html/gazania/assets/img/icon/user-img-2.png]
[codingeek.net/html/gazania/sign-up.html]
[codingeek.net/html/gazania/sign-up-2.html]
[codingeek.net/html/gazania/sign-in.html]
[codingeek.net/html/gazania/assets/img/icon/cart-icon.png]
[codingeek.net/html/gazania/assets/img/product/mini-cart/1.jpg]
[codingeek.net/html/gazania/assets/img/product/mini-cart/2.jpg]
[codingeek.net/html/gazania/assets/img/product/mini-cart/3.jpg]
[codingeek.net/html/gazania/checkout.html]
[codingeek.net/html/gazania/assets/img/slider/customer-1.png]
[codingeek.net/html/gazania/assets/img/slider/customer-2.png]
[codingeek.net/html/gazania/assets/img/slider/customer-3.png]
[codingeek.net/html/gazania/assets/img/slider/home-1/1.jpg]
[codingeek.net/html/gazania/assets/img/slider/home-1/3.jpg]
[codingeek.net/html/gazania/assets/img/slider/home-1/4.jpg]
[codingeek.net/html/gazania/assets/img/others/testimoni-2.png]
[codingeek.net/html/gazania/assets/img/others/1.jpg]
[codingeek.net/html/gazania/assets/img/others/2.jpg]
[codingeek.net/html/gazania/assets/img/icon/feature-5.svg]
[codingeek.net/html/gazania/assets/img/icon/feature-6.svg]
[codingeek.net/html/gazania/assets/img/icon/feature-7.svg]
[codingeek.net/html/gazania/assets/img/icon/feature-8.svg]
[codingeek.net/html/gazania/assets/img/product/1.png]
[codingeek.net/html/gazania/assets/img/product/2.png]
[codingeek.net/html/gazania/assets/img/product/3.png]
[codingeek.net/html/gazania/assets/img/product/4.png]
[codingeek.net/html/gazania/assets/img/product/5.png]
[codingeek.net/html/gazania/assets/img/product/6.png]
[codingeek.net/html/gazania/about-us.html]
[codingeek.net/html/gazania/assets/img/others/4.jpg]
[codingeek.net/html/gazania/assets/img/icon/service-1.svg]
[codingeek.net/html/gazania/assets/img/icon/service-2.svg]
[codingeek.net/html/gazania/assets/img/icon/service-3.svg]
[codingeek.net/html/gazania/assets/img/icon/service-4.svg]
[codingeek.net/html/gazania/assets/img/others/testimoni-bg-1.png]
[codingeek.net/html/gazania/assets/img/others/testimoni-1.png]
[codingeek.net/html/gazania/assets/img/others/testimoni-bg-2.png]
[codingeek.net/html/gazania/assets/img/blog/1.png]
[codingeek.net/html/gazania/assets/img/blog/2.png]
[codingeek.net/html/gazania/assets/img/blog/4.png]
[codingeek.net/html/gazania/assets/img/icon/arrow-right-white-2.svg]
[codingeek.net/html/gazania/assets/img/others/newsletter-1.png]
[codingeek.net/html/gazania/assets/img/others/newsletter-2.png]
[codingeek.net/html/gazania/assets/img/others/newsletter-3.png]
[codingeek.net/html/gazania/assets/img/footer-logo.png]
[codingeek.net/html/gazania/assets/js/main.js]
[codingeek.net/html/gazania/assets/js/jquery-plugins.js]
[codingeek.net/html/gazania/codingeek-link.js]
[codingeek.net/codingeek-js/codingeek.js]
[codingeek.net/html/gazania/index.html]
[codingeek.net/html/gazania/assets/css/images/ui-bg_inset-hard_100_fcfdfd_1x100.png]
[codingeek.net/html/gazania/assets/css/images/ui-bg_gloss-wave_55_5c9ccc_500x100.png]
[codingeek.net/html/gazania/assets/css/images/ui-bg_glass_85_dfeffc_1x400.png]
[codingeek.net/html/gazania/assets/css/images/ui-bg_glass_75_d0e5f5_1x400.png]
[codingeek.net/html/gazania/assets/css/images/ui-bg_inset-hard_100_f5f8f9_1x100.png]
[codingeek.net/html/gazania/assets/css/images/ui-bg_glass_95_fef1ec_1x400.png]
[codingeek.net/html/gazania/assets/css/images/ui-icons_469bdd_256x240.png]
[codingeek.net/html/gazania/assets/css/images/ui-icons_d8e7f3_256x240.png]
[codingeek.net/html/gazania/assets/css/images/ui-icons_6da8d5_256x240.png]
[codingeek.net/html/gazania/assets/css/images/ui-icons_217bc0_256x240.png]
[codingeek.net/html/gazania/assets/css/images/ui-icons_f9bd01_256x240.png]
[codingeek.net/html/gazania/assets/css/images/ui-icons_2e83ff_256x240.png]
[codingeek.net/html/gazania/assets/css/images/ui-icons_cd0a0a_256x240.png]
[codingeek.net/html/gazania/assets/css/owl.video.play.png]
[codingeek.net/html/gazania/assets/fonts/lightcaseeead.eot]
[codingeek.net/html/gazania/assets/fonts/lightcaseeead.woff]
[codingeek.net/html/gazania/assets/fonts/lightcaseeead.ttf]
[codingeek.net/html/gazania/assets/fonts/lightcaseeead.svg]
[codingeek.net/html/gazania/assets/css/css-plugins.css]
[codingeek.net/html/gazania/assets/fonts/fontawesome-webfontd41d.eot]
[codingeek.net/html/gazania/assets/fonts/fontawesome-webfont3e6e.woff2]
[codingeek.net/html/gazania/assets/fonts/fontawesome-webfont3e6e.woff]
[codingeek.net/html/gazania/assets/fonts/themify9f24.eot]
[codingeek.net/html/gazania/assets/fonts/fontawesome-webfont3e6e.ttf]
[codingeek.net/html/gazania/assets/fonts/fontawesome-webfont3e6e.svg]
[codingeek.net/html/gazania/assets/fonts/themifyd41d.eot]
[codingeek.net/html/gazania/assets/fonts/themify9f24.ttf]
[codingeek.net/html/gazania/assets/fonts/Flaticon.eot]
[codingeek.net/html/gazania/assets/fonts/Flaticond41d.eot]
[codingeek.net/html/gazania/assets/fonts/Flaticon.woff2]
[codingeek.net/html/gazania/assets/fonts/Flaticon.woff]
[codingeek.net/html/gazania/assets/fonts/Flaticon.ttf]
[codingeek.net/html/gazania/assets/css/all-icon-font.css]
[codingeek.net/html/gazania/assets/fonts/Flaticon.svg]
[codingeek.net/html/gazania/assets/img/bg/breadcrumb/2.jpg]
[codingeek.net/html/gazania/assets/img/bg/breadcrumb/3.jpg]
[codingeek.net/html/gazania/assets/img/slider/home-1/text-bg-1.jpg]
[codingeek.net/html/gazania/assets/img/slider/home-1/text-bg-2.jpg]
[codingeek.net/html/gazania/assets/img/slider/home-1/text-bg-3.jpg]
[codingeek.net/html/gazania/assets/img/slider/home-1/text-bg-4.jpg]
[codingeek.net/html/gazania/assets/img/slider/home-1/text-bg-5.jpg]
[codingeek.net/html/gazania/assets/img/slider/home-1/text-bg-6.jpg]
[codingeek.net/html/gazania/assets/img/slider/home-1/text-bg-7.jpg]
[codingeek.net/html/gazania/assets/img/icon/quote-4.png]
[codingeek.net/html/gazania/assets/img/others/pricing-1.png]
[codingeek.net/html/gazania/assets/img/others/pricing-2.png]
[codingeek.net/html/gazania/assets/img/others/pricing-3.png]
[codingeek.net/html/gazania/assets/img/slider/home-2/2.jpg]
[codingeek.net/html/gazania/assets/css/style.css]
[codingeek.net/html/gazania/assets/css/responsive.css]
[codingeek.net/codingeek-js/codingeek.css]
[codingeek.net/html/gazania/assets/img/icon/title.svg]
[codingeek.net/html/gazania/index-2.html]
[codingeek.net/html/gazania/assets/img/white-logo.png]
[codingeek.net/html/gazania/assets/img/slider/home-2/1.jpg]
[codingeek.net/html/gazania/assets/img/slider/home-2/3.jpg]
[codingeek.net/html/gazania/assets/img/slider/home-2/4.jpg]
[codingeek.net/html/gazania/index-3.html]
[codingeek.net/html/gazania/assets/img/slider/home-3/1.jpg]
[codingeek.net/html/gazania/assets/img/slider/home-3/2.jpg]
[codingeek.net/html/gazania/assets/img/slider/home-3/3.jpg]
[codingeek.net/html/gazania/index-4.html]
[codingeek.net/html/gazania/assets/img/slider/home-4/3.png]
[codingeek.net/html/gazania/index-5.html]
[codingeek.net/html/gazania/assets/img/product/7.png]
[codingeek.net/html/gazania/assets/img/product/8.png]
[codingeek.net/html/gazania/assets/img/product/9.png]
[codingeek.net/html/gazania/index-6.html]
[codingeek.net/html/gazania/assets/img/others/instafeed-1.png]
[codingeek.net/html/gazania/assets/img/others/instafeed-2.png]
[codingeek.net/html/gazania/assets/img/others/instafeed-3.png]
[codingeek.net/html/gazania/assets/img/others/about-us.jpg]
[codingeek.net/html/gazania/assets/img/others/testimonial/6.png]
[codingeek.net/html/gazania/assets/img/others/testimonial/7.png]
[codingeek.net/html/gazania/assets/img/others/testimonial/8.png]
[codingeek.net/html/gazania/assets/img/others/5.jpg]
[codingeek.net/html/gazania/about.html]
[codingeek.net/html/gazania/shop.html]
[codingeek.net/html/gazania/shop-3-column.html]
[codingeek.net/html/gazania/shop-left-sidebar.html]
[codingeek.net/html/gazania/assets/img/product/product-details/1.png]
[codingeek.net/html/gazania/assets/img/product/product-details/2.png]
[codingeek.net/html/gazania/assets/img/product/product-details/3.png]
[codingeek.net/html/gazania/assets/img/product/product-details/4.png]
[codingeek.net/html/gazania/assets/img/product/product-details/5.png]
[codingeek.net/html/gazania/assets/img/product/product-details/product/1.png]
[codingeek.net/html/gazania/assets/img/product/product-details/product/2.png]
[codingeek.net/html/gazania/assets/img/product/product-details/product/3.png]
[codingeek.net/html/gazania/product-details.html]
[codingeek.net/html/gazania/assets/img/blog/blog-2/1.png]
[codingeek.net/html/gazania/assets/img/blog/blog-2/2.png]
[codingeek.net/html/gazania/assets/img/icon/arrow-left-black.svg]
[codingeek.net/html/gazania/assets/img/icon/arrow-right-black.svg]
[codingeek.net/html/gazania/assets/img/blog/5.png]
[codingeek.net/html/gazania/blog.html]
[codingeek.net/html/gazania/assets/img/blog/blog-details/1.png]
[codingeek.net/html/gazania/assets/img/blog/blog-details/2.png]
[codingeek.net/html/gazania/assets/img/blog/blog-details/3.png]
[codingeek.net/html/gazania/assets/img/blog/blog-details/4.png]
[codingeek.net/html/gazania/assets/img/blog/blog-details/5.png]
[codingeek.net/html/gazania/assets/img/blog/blog-details/6.png]
[codingeek.net/html/gazania/assets/img/blog/blog-details/author-1.png]
[codingeek.net/html/gazania/assets/img/blog/blog-details/author-2.png]
[codingeek.net/html/gazania/assets/img/blog/blog-details/author-3.png]
[codingeek.net/html/gazania/assets/img/blog/blog-details/author-4.png]
[codingeek.net/html/gazania/blog-details.html]
[codingeek.net/html/gazania/assets/img/gallery/10.jpg]
[codingeek.net/html/gazania/assets/img/gallery/11.jpg]
[codingeek.net/html/gazania/assets/img/gallery/12.jpg]
[codingeek.net/html/gazania/assets/img/gallery/1.jpg]
[codingeek.net/html/gazania/assets/img/gallery/2.jpg]
[codingeek.net/html/gazania/assets/img/gallery/3.jpg]
[codingeek.net/html/gazania/assets/img/gallery/4.jpg]
[codingeek.net/html/gazania/assets/img/gallery/7.jpg]
[codingeek.net/html/gazania/assets/img/gallery/5.jpg]
[codingeek.net/html/gazania/assets/img/gallery/6.jpg]
[codingeek.net/html/gazania/assets/img/gallery/9.jpg]
[codingeek.net/html/gazania/assets/img/gallery/8.jpg]
[codingeek.net/html/gazania/blog-2.html]
[codingeek.net/html/gazania/gallery.html]
[codingeek.net/html/gazania/price.html]
[codingeek.net/html/gazania/assets/img/others/faq-1.png]
[codingeek.net/html/gazania/faq.html]
[codingeek.net/html/gazania/assets/img/icon/paypal-2.png]
[codingeek.net/html/gazania/assets/img/icon/mastercard.png]
[codingeek.net/html/gazania/cart.html]
[codingeek.net/html/gazania/assets/img/others/my-account-1.png]
[codingeek.net/html/gazania/assets/img/icon/paypal.png]
[codingeek.net/html/gazania/assets/img/product/my-order/1.png]
[codingeek.net/html/gazania/assets/img/product/my-order/2.png]
[codingeek.net/html/gazania/my-account.html]
[codingeek.net/html/gazania/assets/img/product/my-order/3.png]
[codingeek.net/html/gazania/assets/img/others/map-bg-3.png]
[codingeek.net/html/gazania/assets/img/others/map-bg-4.png]
[codingeek.net/html/gazania/assets/js/google-map-activate.js]
[codingeek.net/html/gazania/assets/js/contact.js]
[codingeek.net/html/gazania/contact.html]
[codingeek.net/html/gazania/assets/img/others/sign-up-1.png]
[codingeek.net/html/gazania/sign-up.html]
[codingeek.net/html/gazania/assets/img/others/sign-up-3.png]
[codingeek.net/html/gazania/sign-up-2.html]
[codingeek.net/html/gazania/sign-in.html]
[codingeek.net/html/gazania/checkout.html]
[codingeek.net/html/gazania/assets/img/icon/feature-5.svg]
[codingeek.net/html/gazania/assets/img/icon/feature-6.svg]
[codingeek.net/html/gazania/assets/img/icon/feature-7.svg]
[codingeek.net/html/gazania/assets/img/icon/feature-8.svg]
[codingeek.net/html/gazania/about-us.html]
[codingeek.net/html/gazania/assets/img/icon/service-1.svg]
[codingeek.net/html/gazania/assets/img/icon/service-2.svg]
[codingeek.net/html/gazania/assets/img/icon/service-3.svg]
[codingeek.net/html/gazania/assets/img/icon/service-4.svg]
[codingeek.net/html/gazania/assets/img/slider/home-1/2.jpg]
[codingeek.net/html/gazania/assets/img/icon/arrow-right-white-2.svg]
[codingeek.net/html/gazania/assets/img/blog/3.png]
[codingeek.net/html/gazania/popper.js]
[codingeek.net/html/gazania/assets/js/jquery-plugins.js]
[codingeek.net/html/gazania/assets/js/main.js]
[codingeek.net/html/gazania/codingeek-link.js]
[codingeek.net/codingeek-js/codingeek.js]
[codingeek.net/html/gazania/assets/css/images/ui-bg_inset-hard_100_f5f8f9_1x100.html]
[codingeek.net/html/gazania/assets/css/images/ui-bg_glass_95_fef1ec_1x400.html]
[codingeek.net/html/gazania/assets/css/images/ui-icons_469bdd_256x240.html]
[codingeek.net/html/gazania/assets/css/images/ui-icons_d8e7f3_256x240.html]
[codingeek.net/html/gazania/assets/css/images/ui-icons_6da8d5_256x240.html]
[codingeek.net/html/gazania/assets/css/images/ui-icons_217bc0_256x240.html]
[codingeek.net/html/gazania/assets/css/images/ui-icons_f9bd01_256x240.html]
[codingeek.net/html/gazania/assets/css/images/ui-icons_2e83ff_256x240.html]
[codingeek.net/html/gazania/assets/css/images/ui-icons_cd0a0a_256x240.html]
[codingeek.net/html/gazania/assets/css/owl.video.play.html]
[codingeek.net/html/gazania/assets/fonts/lightcaseeead.svg]
[codingeek.net/html/gazania/assets/fonts/fontawesome-webfont3e6e.svg]
[codingeek.net/html/gazania/assets/fonts/Flaticon.svg]
[codingeek.net/html/gazania/assets/img/slider/home-3/4.jpg]
[codingeek.net/html/gazania/assets/img/slider/home-4/1.png]
[codingeek.net/html/gazania/assets/img/icon/arrow-left-black.svg]
[codingeek.net/html/gazania/assets/img/icon/arrow-right-black.svg]
[codingeek.net/html/gazania/assets/img/slider/home-4/2.png]
[codingeek.net/html/gazania/assets/fonts/themify9f24.svg]
[codingeek.net/html/gazania/assets/img/blog/blog-page/sm-1.png]
[codingeek.net/html/gazania/assets/img/blog/blog-page/sm-2.png]
[codingeek.net/html/gazania/assets/img/blog/blog-page/lg-1.png]
[codingeek.net/html/gazania/assets/img/blog/blog-page/1.png]
[codingeek.net/html/gazania/blog-2.html]
[codingeek.net/html/gazania/assets/js/google-map-activate.js]
[codingeek.net/html/gazania/assets/js/contact.js]
[codingeek.net/html/gazania/assets/img/others/sign-up-2.png]
[codingeek.net/html/gazania/popper.html]
[codingeek.net/html/gazania/assets/fonts/themify9f24.svg]
[codingeek.net/html/gazania/assets/fonts/themify9f24.woff]
[codingeek.net/html/gazania/assets/img/bg/breadcrumb/1.jpg]
[codingeek.net/html/gazania/assets/fonts/fontawesome-webfont3e6e.eot]
